// Jest Snapshot v1, https://goo.gl/fbAQLP

exports[`should render Header correct 1`] = `
<header>
  <h1>
    Expensify App
  </h1>
  <NavLink
    activeClassName="is-active"
    exact={true}
    to="/"
  >
    DashBoard
  </NavLink>
  <NavLink
    activeClassName="is-active"
    to="/create"
  >
    Add Expanse
  </NavLink>
  <NavLink
    activeClassName="is-active"
    to="/edit"
  >
    Edit Expanse
  </NavLink>
  <NavLink
    activeClassName="is-active"
    to="/help"
  >
    Help Page
  </NavLink>
</header>
`;
